python : Traceback (most recent call last):
At line:1 char:1
+ python scripts/test_prediction_dates.py > test_output.txt 2>&1; Get-C ...
+ ~~~~~~~~~~~~~~~~~~~~~~~~~~~~~~~~~~~~~~~~~~~~~~~~~~~~~~~~~~~~~~
    + CategoryInfo          : NotSpecified: (Traceback (most recent call last)::St 
   ring) [], RemoteException
    + FullyQualifiedErrorId : NativeCommandError
 
  File "C:\Users\admin\Predict_Gia_Bac\scripts\test_prediction_dates.py", line 12, 
in <module>
    predictor.load_data()
  File "C:\Users\admin\Predict_Gia_Bac\src\enhanced_predictor.py", line 54, in 
load_data
    print(f"\U0001f4ca Loading enhanced dataset from {self.data_path}...")
  File 
"C:\Users\admin\AppData\Local\Programs\Python\Python311\Lib\encodings\cp1258.py", 
line 19, in encode
    return codecs.charmap_encode(input,self.errors,encoding_table)[0]
           ^^^^^^^^^^^^^^^^^^^^^^^^^^^^^^^^^^^^^^^^^^^^^^^^^^^^^^^
UnicodeEncodeError: 'charmap' codec can't encode character '\U0001f4ca' in 
position 0: character maps to <undefined>
Error: 'charmap' codec can't encode character '\U0001f4ca' in position 0: character maps to <undefined>
